Archive member included to satisfy reference by file (symbol)

c:/users/marko micovic/desktop/gnu mcu new/arm-none-eabi-gcc-10.2.1-1.1/bin/../lib/gcc/arm-none-eabi/10.2.1/../../../../arm-none-eabi/lib/thumb/v7-m/nofp\libc_nano.a(lib_a-exit.o)
                              c:/users/marko micovic/desktop/gnu mcu new/arm-none-eabi-gcc-10.2.1-1.1/bin/../lib/gcc/arm-none-eabi/10.2.1/../../../../arm-none-eabi/lib/thumb/v7-m/nofp/crt0.o (exit)
c:/users/marko micovic/desktop/gnu mcu new/arm-none-eabi-gcc-10.2.1-1.1/bin/../lib/gcc/arm-none-eabi/10.2.1/../../../../arm-none-eabi/lib/thumb/v7-m/nofp\libc_nano.a(lib_a-impure.o)
                              c:/users/marko micovic/desktop/gnu mcu new/arm-none-eabi-gcc-10.2.1-1.1/bin/../lib/gcc/arm-none-eabi/10.2.1/../../../../arm-none-eabi/lib/thumb/v7-m/nofp\libc_nano.a(lib_a-exit.o) (_global_impure_ptr)
c:/users/marko micovic/desktop/gnu mcu new/arm-none-eabi-gcc-10.2.1-1.1/bin/../lib/gcc/arm-none-eabi/10.2.1/../../../../arm-none-eabi/lib/thumb/v7-m/nofp\libc_nano.a(lib_a-init.o)
                              c:/users/marko micovic/desktop/gnu mcu new/arm-none-eabi-gcc-10.2.1-1.1/bin/../lib/gcc/arm-none-eabi/10.2.1/../../../../arm-none-eabi/lib/thumb/v7-m/nofp/crt0.o (__libc_init_array)
c:/users/marko micovic/desktop/gnu mcu new/arm-none-eabi-gcc-10.2.1-1.1/bin/../lib/gcc/arm-none-eabi/10.2.1/../../../../arm-none-eabi/lib/thumb/v7-m/nofp\libc_nano.a(lib_a-memset.o)
                              c:/users/marko micovic/desktop/gnu mcu new/arm-none-eabi-gcc-10.2.1-1.1/bin/../lib/gcc/arm-none-eabi/10.2.1/../../../../arm-none-eabi/lib/thumb/v7-m/nofp/crt0.o (memset)
c:/users/marko micovic/desktop/gnu mcu new/arm-none-eabi-gcc-10.2.1-1.1/bin/../lib/gcc/arm-none-eabi/10.2.1/../../../../arm-none-eabi/lib/thumb/v7-m/nofp\libnosys.a(_exit.o)
                              c:/users/marko micovic/desktop/gnu mcu new/arm-none-eabi-gcc-10.2.1-1.1/bin/../lib/gcc/arm-none-eabi/10.2.1/../../../../arm-none-eabi/lib/thumb/v7-m/nofp\libc_nano.a(lib_a-exit.o) (_exit)

Discarded input sections

 .text          0x0000000000000000        0x0 c:/users/marko micovic/desktop/gnu mcu new/arm-none-eabi-gcc-10.2.1-1.1/bin/../lib/gcc/arm-none-eabi/10.2.1/thumb/v7-m/nofp/crti.o
 .data          0x0000000000000000        0x0 c:/users/marko micovic/desktop/gnu mcu new/arm-none-eabi-gcc-10.2.1-1.1/bin/../lib/gcc/arm-none-eabi/10.2.1/thumb/v7-m/nofp/crti.o
 .bss           0x0000000000000000        0x0 c:/users/marko micovic/desktop/gnu mcu new/arm-none-eabi-gcc-10.2.1-1.1/bin/../lib/gcc/arm-none-eabi/10.2.1/thumb/v7-m/nofp/crti.o
 .text          0x0000000000000000        0x0 c:/users/marko micovic/desktop/gnu mcu new/arm-none-eabi-gcc-10.2.1-1.1/bin/../lib/gcc/arm-none-eabi/10.2.1/thumb/v7-m/nofp/crtbegin.o
 .data          0x0000000000000000        0x0 c:/users/marko micovic/desktop/gnu mcu new/arm-none-eabi-gcc-10.2.1-1.1/bin/../lib/gcc/arm-none-eabi/10.2.1/thumb/v7-m/nofp/crtbegin.o
 .bss           0x0000000000000000        0x0 c:/users/marko micovic/desktop/gnu mcu new/arm-none-eabi-gcc-10.2.1-1.1/bin/../lib/gcc/arm-none-eabi/10.2.1/thumb/v7-m/nofp/crtbegin.o
 .rodata.all_implied_fbits
                0x0000000000000000       0x24 c:/users/marko micovic/desktop/gnu mcu new/arm-none-eabi-gcc-10.2.1-1.1/bin/../lib/gcc/arm-none-eabi/10.2.1/thumb/v7-m/nofp/crtbegin.o
 .data.__dso_handle
                0x0000000000000000        0x4 c:/users/marko micovic/desktop/gnu mcu new/arm-none-eabi-gcc-10.2.1-1.1/bin/../lib/gcc/arm-none-eabi/10.2.1/thumb/v7-m/nofp/crtbegin.o
 .text          0x0000000000000000       0x7c c:/users/marko micovic/desktop/gnu mcu new/arm-none-eabi-gcc-10.2.1-1.1/bin/../lib/gcc/arm-none-eabi/10.2.1/../../../../arm-none-eabi/lib/thumb/v7-m/nofp/crt0.o
 .data          0x0000000000000000        0x0 c:/users/marko micovic/desktop/gnu mcu new/arm-none-eabi-gcc-10.2.1-1.1/bin/../lib/gcc/arm-none-eabi/10.2.1/../../../../arm-none-eabi/lib/thumb/v7-m/nofp/crt0.o
 .bss           0x0000000000000000        0x0 c:/users/marko micovic/desktop/gnu mcu new/arm-none-eabi-gcc-10.2.1-1.1/bin/../lib/gcc/arm-none-eabi/10.2.1/../../../../arm-none-eabi/lib/thumb/v7-m/nofp/crt0.o
 .ARM.extab     0x0000000000000000        0x0 c:/users/marko micovic/desktop/gnu mcu new/arm-none-eabi-gcc-10.2.1-1.1/bin/../lib/gcc/arm-none-eabi/10.2.1/../../../../arm-none-eabi/lib/thumb/v7-m/nofp/crt0.o
 .ARM.exidx     0x0000000000000000       0x10 c:/users/marko micovic/desktop/gnu mcu new/arm-none-eabi-gcc-10.2.1-1.1/bin/../lib/gcc/arm-none-eabi/10.2.1/../../../../arm-none-eabi/lib/thumb/v7-m/nofp/crt0.o
 .ARM.attributes
                0x0000000000000000       0x1b c:/users/marko micovic/desktop/gnu mcu new/arm-none-eabi-gcc-10.2.1-1.1/bin/../lib/gcc/arm-none-eabi/10.2.1/../../../../arm-none-eabi/lib/thumb/v7-m/nofp/crt0.o
 .text          0x0000000000000000        0x0 build/main.o
 .data          0x0000000000000000        0x0 build/main.o
 .bss           0x0000000000000000        0x0 build/main.o
[...]
Memory Configuration

Name             Origin             Length             Attributes
RAM              0x0000000020000000 0x0000000000002800 xrw
FLASH            0x0000000008000000 0x0000000000008000 xr
*default*        0x0000000000000000 0xffffffffffffffff

Linker script and memory map

LOAD c:/users/marko micovic/desktop/gnu mcu new/arm-none-eabi-gcc-10.2.1-1.1/bin/../lib/gcc/arm-none-eabi/10.2.1/thumb/v7-m/nofp/crti.o
LOAD c:/users/marko micovic/desktop/gnu mcu new/arm-none-eabi-gcc-10.2.1-1.1/bin/../lib/gcc/arm-none-eabi/10.2.1/thumb/v7-m/nofp/crtbegin.o
LOAD c:/users/marko micovic/desktop/gnu mcu new/arm-none-eabi-gcc-10.2.1-1.1/bin/../lib/gcc/arm-none-eabi/10.2.1/../../../../arm-none-eabi/lib/thumb/v7-m/nofp/crt0.o
LOAD build/main.o
LOAD build/gpio.o
LOAD build/stm32f1xx_it.o
LOAD build/stm32f1xx_hal_msp.o
LOAD build/stm32f1xx_hal_gpio_ex.o
LOAD build/stm32f1xx_hal_tim.o
LOAD build/stm32f1xx_hal_tim_ex.o
LOAD build/stm32f1xx_hal.o
LOAD build/stm32f1xx_hal_rcc.o
LOAD build/stm32f1xx_hal_rcc_ex.o
LOAD build/stm32f1xx_hal_gpio.o
LOAD build/stm32f1xx_hal_dma.o
LOAD build/stm32f1xx_hal_cortex.o
LOAD build/stm32f1xx_hal_pwr.o
LOAD build/stm32f1xx_hal_flash.o
LOAD build/stm32f1xx_hal_flash_ex.o
LOAD build/stm32f1xx_hal_exti.o
LOAD build/system_stm32f1xx.o
LOAD build/tim.o
LOAD build/casovnik.o
LOAD build/startup_stm32f103x6.o
LOAD c:/users/marko micovic/desktop/gnu mcu new/arm-none-eabi-gcc-10.2.1-1.1/bin/../lib/gcc/arm-none-eabi/10.2.1/../../../../arm-none-eabi/lib/thumb/v7-m/nofp\libc_nano.a
LOAD c:/users/marko micovic/desktop/gnu mcu new/arm-none-eabi-gcc-10.2.1-1.1/bin/../lib/gcc/arm-none-eabi/10.2.1/../../../../arm-none-eabi/lib/thumb/v7-m/nofp\libm.a
LOAD c:/users/marko micovic/desktop/gnu mcu new/arm-none-eabi-gcc-10.2.1-1.1/bin/../lib/gcc/arm-none-eabi/10.2.1/../../../../arm-none-eabi/lib/thumb/v7-m/nofp\libnosys.a
START GROUP
LOAD c:/users/marko micovic/desktop/gnu mcu new/arm-none-eabi-gcc-10.2.1-1.1/bin/../lib/gcc/arm-none-eabi/10.2.1/thumb/v7-m/nofp\libgcc.a
LOAD c:/users/marko micovic/desktop/gnu mcu new/arm-none-eabi-gcc-10.2.1-1.1/bin/../lib/gcc/arm-none-eabi/10.2.1/../../../../arm-none-eabi/lib/thumb/v7-m/nofp\libc_nano.a
END GROUP
START GROUP
LOAD c:/users/marko micovic/desktop/gnu mcu new/arm-none-eabi-gcc-10.2.1-1.1/bin/../lib/gcc/arm-none-eabi/10.2.1/thumb/v7-m/nofp\libgcc.a
LOAD c:/users/marko micovic/desktop/gnu mcu new/arm-none-eabi-gcc-10.2.1-1.1/bin/../lib/gcc/arm-none-eabi/10.2.1/../../../../arm-none-eabi/lib/thumb/v7-m/nofp\libc_nano.a
END GROUP
LOAD c:/users/marko micovic/desktop/gnu mcu new/arm-none-eabi-gcc-10.2.1-1.1/bin/../lib/gcc/arm-none-eabi/10.2.1/thumb/v7-m/nofp/crtend.o
LOAD c:/users/marko micovic/desktop/gnu mcu new/arm-none-eabi-gcc-10.2.1-1.1/bin/../lib/gcc/arm-none-eabi/10.2.1/thumb/v7-m/nofp/crtn.o
                0x0000000020002800                _estack = 0x20002800
                0x0000000000000200                _Min_Heap_Size = 0x200
                0x0000000000000400                _Min_Stack_Size = 0x400

.isr_vector     0x0000000008000000      0x10c
                0x0000000008000000                . = ALIGN (0x4)
 *(.isr_vector)
 .isr_vector    0x0000000008000000      0x10c build/startup_stm32f103x6.o
                0x0000000008000000                g_pfnVectors
                0x000000000800010c                . = ALIGN (0x4)

.text           0x000000000800010c     0x1e38
                0x000000000800010c                . = ALIGN (0x4)
 *(.text)
 *(.text*)
 .text.__do_global_dtors_aux
                0x000000000800010c       0x24 c:/users/marko micovic/desktop/gnu mcu new/arm-none-eabi-gcc-10.2.1-1.1/bin/../lib/gcc/arm-none-eabi/10.2.1/thumb/v7-m/nofp/crtbegin.o
 .text.frame_dummy
                0x0000000008000130       0x1c c:/users/marko micovic/desktop/gnu mcu new/arm-none-eabi-gcc-10.2.1-1.1/bin/../lib/gcc/arm-none-eabi/10.2.1/thumb/v7-m/nofp/crtbegin.o
 .text.SystemClock_Config
                0x000000000800014c       0x50 build/main.o
                0x000000000800014c                SystemClock_Config
 .text.main     0x000000000800019c       0x5c build/main.o
                0x000000000800019c                main
 .text.Error_Handler
                0x00000000080001f8        0x2 build/main.o
                0x00000000080001f8                Error_Handler
 *fill*         0x00000000080001fa        0x2 
 .text.MX_GPIO_Init
                0x00000000080001fc       0xf0 build/gpio.o
                0x00000000080001fc                MX_GPIO_Init
 .text.setGPIOB
                0x00000000080002ec       0x34 build/gpio.o
                0x00000000080002ec                setGPIOB
 .text.NMI_Handler
                0x0000000008000320        0x2 build/stm32f1xx_it.o
                0x0000000008000320                NMI_Handler
 .text.HardFault_Handler
                0x0000000008000322        0x2 build/stm32f1xx_it.o
                0x0000000008000322                HardFault_Handler
 .text.MemManage_Handler
                0x0000000008000324        0x2 build/stm32f1xx_it.o
                0x0000000008000324                MemManage_Handler
 .text.BusFault_Handler
                0x0000000008000326        0x2 build/stm32f1xx_it.o
                0x0000000008000326                BusFault_Handler
 .text.UsageFault_Handler
                0x0000000008000328        0x2 build/stm32f1xx_it.o
                0x0000000008000328                UsageFault_Handler
 .text.SVC_Handler
                0x000000000800032a        0x2 build/stm32f1xx_it.o
                0x000000000800032a                SVC_Handler
 .text.DebugMon_Handler
                0x000000000800032c        0x2 build/stm32f1xx_it.o
                0x000000000800032c                DebugMon_Handler
 .text.PendSV_Handler
                0x000000000800032e        0x2 build/stm32f1xx_it.o
                0x000000000800032e                PendSV_Handler
 .text.SysTick_Handler
                0x0000000008000330        0xc build/stm32f1xx_it.o
                0x0000000008000330                SysTick_Handler
 .text.TIM1_UP_IRQHandler
                0x000000000800033c       0x14 build/stm32f1xx_it.o
                0x000000000800033c                TIM1_UP_IRQHandler
 .text.TIM1_CC_IRQHandler
                0x0000000008000350       0x14 build/stm32f1xx_it.o
                0x0000000008000350                TIM1_CC_IRQHandler
 .text.TIM3_IRQHandler
                0x0000000008000364       0x14 build/stm32f1xx_it.o
                0x0000000008000364                TIM3_IRQHandler
 .text.EXTI15_10_IRQHandler
                0x0000000008000378       0x18 build/stm32f1xx_it.o
                0x0000000008000378                EXTI15_10_IRQHandler
 .text.HAL_GPIO_EXTI_Callback
                0x0000000008000390       0xc8 build/stm32f1xx_it.o
                0x0000000008000390                HAL_GPIO_EXTI_Callback
 .text.HAL_TIM_IC_CaptureCallback
                0x0000000008000458       0x80 build/stm32f1xx_it.o
                0x0000000008000458                HAL_TIM_IC_CaptureCallback
 .text.HAL_TIM_OC_DelayElapsedCallback
                0x00000000080004d8       0x2c build/stm32f1xx_it.o
                0x00000000080004d8                HAL_TIM_OC_DelayElapsedCallback
 .text.HAL_MspInit
                0x0000000008000504       0x44 build/stm32f1xx_hal_msp.o
                0x0000000008000504                HAL_MspInit
 .text.TIM_OC1_SetConfig
                0x0000000008000548       0x5c build/stm32f1xx_hal_tim.o
 .text.TIM_OC3_SetConfig
                0x00000000080005a4       0x64 build/stm32f1xx_hal_tim.o
 .text.TIM_OC4_SetConfig
                0x0000000008000608       0x48 build/stm32f1xx_hal_tim.o
 .text.TIM_TI1_ConfigInputStage
                0x0000000008000650       0x24 build/stm32f1xx_hal_tim.o
 .text.TIM_TI2_SetConfig
                0x0000000008000674       0x36 build/stm32f1xx_hal_tim.o
 .text.TIM_TI2_ConfigInputStage
                0x00000000080006aa       0x26 build/stm32f1xx_hal_tim.o
 .text.TIM_TI3_SetConfig
                0x00000000080006d0       0x36 build/stm32f1xx_hal_tim.o
 .text.TIM_TI4_SetConfig
                0x0000000008000706       0x36 build/stm32f1xx_hal_tim.o
 .text.TIM_ITRx_SetConfig
                0x000000000800073c       0x10 build/stm32f1xx_hal_tim.o
 .text.HAL_TIM_Base_Start_IT
                0x000000000800074c       0x60 build/stm32f1xx_hal_tim.o
                0x000000000800074c                HAL_TIM_Base_Start_IT
 .text.HAL_TIM_OC_MspInit
                0x00000000080007ac        0x2 build/stm32f1xx_hal_tim.o
                0x00000000080007ac                HAL_TIM_OC_MspInit
 .text.HAL_TIM_IC_MspInit
                0x00000000080007ae        0x2 build/stm32f1xx_hal_tim.o
                0x00000000080007ae                HAL_TIM_IC_MspInit
 .text.HAL_TIM_PWM_PulseFinishedCallback
                0x00000000080007b0        0x2 build/stm32f1xx_hal_tim.o
                0x00000000080007b0                HAL_TIM_PWM_PulseFinishedCallback
 .text.HAL_TIM_TriggerCallback
                0x00000000080007b2        0x2 build/stm32f1xx_hal_tim.o
                0x00000000080007b2                HAL_TIM_TriggerCallback
 .text.HAL_TIM_IRQHandler
                0x00000000080007b4      0x198 build/stm32f1xx_hal_tim.o
                0x00000000080007b4                HAL_TIM_IRQHandler
 .text.TIM_Base_SetConfig
                0x000000000800094c       0x64 build/stm32f1xx_hal_tim.o
                0x000000000800094c                TIM_Base_SetConfig
 .text.HAL_TIM_Base_Init
                0x00000000080009b0       0x60 build/stm32f1xx_hal_tim.o
                0x00000000080009b0                HAL_TIM_Base_Init
 .text.HAL_TIM_OC_Init
                0x0000000008000a10       0x60 build/stm32f1xx_hal_tim.o
                0x0000000008000a10                HAL_TIM_OC_Init
 .text.HAL_TIM_IC_Init
                0x0000000008000a70       0x60 build/stm32f1xx_hal_tim.o
                0x0000000008000a70                HAL_TIM_IC_Init
 .text.TIM_OC2_SetConfig
                0x0000000008000ad0       0x64 build/stm32f1xx_hal_tim.o
                0x0000000008000ad0                TIM_OC2_SetConfig
 .text.HAL_TIM_OC_ConfigChannel
                0x0000000008000b34       0x64 build/stm32f1xx_hal_tim.o
                0x0000000008000b34                HAL_TIM_OC_ConfigChannel
 .text.TIM_TI1_SetConfig
                0x0000000008000b98       0x50 build/stm32f1xx_hal_tim.o
                0x0000000008000b98                TIM_TI1_SetConfig
 .text.HAL_TIM_IC_ConfigChannel
                0x0000000008000be8       0xc4 build/stm32f1xx_hal_tim.o
                0x0000000008000be8                HAL_TIM_IC_ConfigChannel
 .text.TIM_ETR_SetConfig
                0x0000000008000cac       0x18 build/stm32f1xx_hal_tim.o
                0x0000000008000cac                TIM_ETR_SetConfig
 .text.HAL_TIM_ConfigClockSource
                0x0000000008000cc4       0xec build/stm32f1xx_hal_tim.o
                0x0000000008000cc4                HAL_TIM_ConfigClockSource
 .text.TIM_CCxChannelCmd
                0x0000000008000db0       0x1e build/stm32f1xx_hal_tim.o
                0x0000000008000db0                TIM_CCxChannelCmd
 *fill*         0x0000000008000dce        0x2 
 .text.HAL_TIM_OC_Start_IT
                0x0000000008000dd0      0x11c build/stm32f1xx_hal_tim.o
                0x0000000008000dd0                HAL_TIM_OC_Start_IT
 .text.HAL_TIM_IC_Start_IT
                0x0000000008000eec      0x14c build/stm32f1xx_hal_tim.o
                0x0000000008000eec                HAL_TIM_IC_Start_IT
 .text.HAL_TIMEx_MasterConfigSynchronization
                0x0000000008001038       0x64 build/stm32f1xx_hal_tim_ex.o
                0x0000000008001038                HAL_TIMEx_MasterConfigSynchronization
 .text.HAL_TIMEx_CommutCallback
                0x000000000800109c        0x2 build/stm32f1xx_hal_tim_ex.o
                0x000000000800109c                HAL_TIMEx_CommutCallback
 .text.HAL_TIMEx_BreakCallback
                0x000000000800109e        0x2 build/stm32f1xx_hal_tim_ex.o
                0x000000000800109e                HAL_TIMEx_BreakCallback
 .text.HAL_InitTick
                0x00000000080010a0       0x54 build/stm32f1xx_hal.o
                0x00000000080010a0                HAL_InitTick
 .text.HAL_Init
                0x00000000080010f4       0x30 build/stm32f1xx_hal.o
                0x00000000080010f4                HAL_Init
 .text.HAL_IncTick
                0x0000000008001124       0x18 build/stm32f1xx_hal.o
                0x0000000008001124                HAL_IncTick
 .text.HAL_GetTick
                0x000000000800113c        0xc build/stm32f1xx_hal.o
                0x000000000800113c                HAL_GetTick
 .text.RCC_Delay
                0x0000000008001148       0x2c build/stm32f1xx_hal_rcc.o
 .text.HAL_RCC_OscConfig
                0x0000000008001174      0x420 build/stm32f1xx_hal_rcc.o
                0x0000000008001174                HAL_RCC_OscConfig
 .text.HAL_RCC_GetSysClockFreq
                0x0000000008001594       0x6c build/stm32f1xx_hal_rcc.o
                0x0000000008001594                HAL_RCC_GetSysClockFreq
 .text.HAL_RCC_ClockConfig
                0x0000000008001600      0x178 build/stm32f1xx_hal_rcc.o
                0x0000000008001600                HAL_RCC_ClockConfig
 .text.HAL_GPIO_Init
                0x0000000008001778      0x220 build/stm32f1xx_hal_gpio.o
                0x0000000008001778                HAL_GPIO_Init
 .text.HAL_GPIO_WritePin
                0x0000000008001998        0xc build/stm32f1xx_hal_gpio.o
                0x0000000008001998                HAL_GPIO_WritePin
 .text.HAL_GPIO_TogglePin
                0x00000000080019a4       0x12 build/stm32f1xx_hal_gpio.o
                0x00000000080019a4                HAL_GPIO_TogglePin
 *fill*         0x00000000080019b6        0x2 
 .text.HAL_GPIO_EXTI_IRQHandler
                0x00000000080019b8       0x20 build/stm32f1xx_hal_gpio.o
                0x00000000080019b8                HAL_GPIO_EXTI_IRQHandler
 .text.HAL_NVIC_SetPriorityGrouping
                0x00000000080019d8       0x24 build/stm32f1xx_hal_cortex.o
                0x00000000080019d8                HAL_NVIC_SetPriorityGrouping
 .text.HAL_NVIC_SetPriority
                0x00000000080019fc       0x70 build/stm32f1xx_hal_cortex.o
                0x00000000080019fc                HAL_NVIC_SetPriority
 .text.HAL_NVIC_EnableIRQ
                0x0000000008001a6c       0x1c build/stm32f1xx_hal_cortex.o
                0x0000000008001a6c                HAL_NVIC_EnableIRQ
 .text.HAL_SYSTICK_Config
                0x0000000008001a88       0x28 build/stm32f1xx_hal_cortex.o
                0x0000000008001a88                HAL_SYSTICK_Config
 .text.SystemInit
                0x0000000008001ab0        0x2 build/system_stm32f1xx.o
                0x0000000008001ab0                SystemInit
 *fill*         0x0000000008001ab2        0x2 
 .text.MX_TIM1_Init
                0x0000000008001ab4       0xbc build/tim.o
                0x0000000008001ab4                MX_TIM1_Init
 .text.HAL_TIM_Base_MspInit
                0x0000000008001b70       0xb4 build/tim.o
                0x0000000008001b70                HAL_TIM_Base_MspInit
 .text.HAL_TIM_MspPostInit
                0x0000000008001c24       0x54 build/tim.o
                0x0000000008001c24                HAL_TIM_MspPostInit
 .text.MX_TIM3_Init
                0x0000000008001c78       0xd0 build/tim.o
                0x0000000008001c78                MX_TIM3_Init
 .text.casovnik
                0x0000000008001d48       0x30 build/casovnik.o
                0x0000000008001d48                casovnik
 .text.HAL_TIM_PeriodElapsedCallback
                0x0000000008001d78      0x110 build/casovnik.o
                0x0000000008001d78                HAL_TIM_PeriodElapsedCallback
 .text.Reset_Handler
                0x0000000008001e88       0x48 build/startup_stm32f103x6.o
                0x0000000008001e88                Reset_Handler
 .text.Default_Handler
                0x0000000008001ed0        0x2 build/startup_stm32f103x6.o
                0x0000000008001ed0                RTC_Alarm_IRQHandler
                0x0000000008001ed0                EXTI2_IRQHandler
                0x0000000008001ed0                PVD_IRQHandler
                0x0000000008001ed0                EXTI3_IRQHandler
                0x0000000008001ed0                EXTI0_IRQHandler
                0x0000000008001ed0                ADC1_2_IRQHandler
                0x0000000008001ed0                SPI1_IRQHandler
                0x0000000008001ed0                TAMPER_IRQHandler
                0x0000000008001ed0                DMA1_Channel4_IRQHandler
                0x0000000008001ed0                RTC_IRQHandler
                0x0000000008001ed0                DMA1_Channel7_IRQHandler
                0x0000000008001ed0                CAN1_RX1_IRQHandler
                0x0000000008001ed0                I2C1_EV_IRQHandler
                0x0000000008001ed0                DMA1_Channel6_IRQHandler
                0x0000000008001ed0                RCC_IRQHandler
                0x0000000008001ed0                TIM1_TRG_COM_IRQHandler
                0x0000000008001ed0                DMA1_Channel1_IRQHandler
                0x0000000008001ed0                Default_Handler
                0x0000000008001ed0                EXTI9_5_IRQHandler
                0x0000000008001ed0                DMA1_Channel5_IRQHandler
                0x0000000008001ed0                EXTI4_IRQHandler
                0x0000000008001ed0                USB_LP_CAN1_RX0_IRQHandler
                0x0000000008001ed0                USB_HP_CAN1_TX_IRQHandler
                0x0000000008001ed0                DMA1_Channel3_IRQHandler
                0x0000000008001ed0                WWDG_IRQHandler
                0x0000000008001ed0                TIM2_IRQHandler
                0x0000000008001ed0                TIM1_BRK_IRQHandler
                0x0000000008001ed0                EXTI1_IRQHandler
                0x0000000008001ed0                USART2_IRQHandler
                0x0000000008001ed0                DMA1_Channel2_IRQHandler
                0x0000000008001ed0                CAN1_SCE_IRQHandler
                0x0000000008001ed0                FLASH_IRQHandler
                0x0000000008001ed0                USART1_IRQHandler
                0x0000000008001ed0                I2C1_ER_IRQHandler
                0x0000000008001ed0                USBWakeUp_IRQHandler
 *fill*         0x0000000008001ed2        0x2 
 .text.__libc_init_array
                0x0000000008001ed4       0x48 c:/users/marko micovic/desktop/gnu mcu new/arm-none-eabi-gcc-10.2.1-1.1/bin/../lib/gcc/arm-none-eabi/10.2.1/../../../../arm-none-eabi/lib/thumb/v7-m/nofp\libc_nano.a(lib_a-init.o)
                0x0000000008001ed4                __libc_init_array
 .text.memset   0x0000000008001f1c       0x10 c:/users/marko micovic/desktop/gnu mcu new/arm-none-eabi-gcc-10.2.1-1.1/bin/../lib/gcc/arm-none-eabi/10.2.1/../../../../arm-none-eabi/lib/thumb/v7-m/nofp\libc_nano.a(lib_a-memset.o)
                0x0000000008001f1c                memset
 *(.glue_7)
 .glue_7        0x0000000008001f2c        0x0 linker stubs
 *(.glue_7t)
 .glue_7t       0x0000000008001f2c        0x0 linker stubs
 *(.eh_frame)
 .eh_frame      0x0000000008001f2c        0x0 c:/users/marko micovic/desktop/gnu mcu new/arm-none-eabi-gcc-10.2.1-1.1/bin/../lib/gcc/arm-none-eabi/10.2.1/thumb/v7-m/nofp/crtbegin.o
 *(.init)
 .init          0x0000000008001f2c        0x4 c:/users/marko micovic/desktop/gnu mcu new/arm-none-eabi-gcc-10.2.1-1.1/bin/../lib/gcc/arm-none-eabi/10.2.1/thumb/v7-m/nofp/crti.o
                0x0000000008001f2c                _init
 .init          0x0000000008001f30        0x8 c:/users/marko micovic/desktop/gnu mcu new/arm-none-eabi-gcc-10.2.1-1.1/bin/../lib/gcc/arm-none-eabi/10.2.1/thumb/v7-m/nofp/crtn.o
 *(.fini)
 .fini          0x0000000008001f38        0x4 c:/users/marko micovic/desktop/gnu mcu new/arm-none-eabi-gcc-10.2.1-1.1/bin/../lib/gcc/arm-none-eabi/10.2.1/thumb/v7-m/nofp/crti.o
                0x0000000008001f38                _fini
 .fini          0x0000000008001f3c        0x8 c:/users/marko micovic/desktop/gnu mcu new/arm-none-eabi-gcc-10.2.1-1.1/bin/../lib/gcc/arm-none-eabi/10.2.1/thumb/v7-m/nofp/crtn.o
                0x0000000008001f44                . = ALIGN (0x4)
                0x0000000008001f44                _etext = .

.vfp11_veneer   0x0000000008001f44        0x0
 .vfp11_veneer  0x0000000008001f44        0x0 linker stubs

.v4_bx          0x0000000008001f44        0x0
 .v4_bx         0x0000000008001f44        0x0 linker stubs

.iplt           0x0000000008001f44        0x0
 .iplt          0x0000000008001f44        0x0 c:/users/marko micovic/desktop/gnu mcu new/arm-none-eabi-gcc-10.2.1-1.1/bin/../lib/gcc/arm-none-eabi/10.2.1/thumb/v7-m/nofp/crtbegin.o

.rodata         0x0000000008001f44       0x24
                0x0000000008001f44                . = ALIGN (0x4)
 *(.rodata)
 *(.rodata*)
 .rodata.HAL_RCC_GetSysClockFreq.str1.4
                0x0000000008001f44       0x11 build/stm32f1xx_hal_rcc.o
 *fill*         0x0000000008001f55        0x3 
 .rodata.AHBPrescTable
                0x0000000008001f58       0x10 build/system_stm32f1xx.o
                0x0000000008001f58                AHBPrescTable
                0x0000000008001f68                . = ALIGN (0x4)

.rel.dyn        0x0000000008001f68        0x0
 .rel.iplt      0x0000000008001f68        0x0 c:/users/marko micovic/desktop/gnu mcu new/arm-none-eabi-gcc-10.2.1-1.1/bin/../lib/gcc/arm-none-eabi/10.2.1/thumb/v7-m/nofp/crtbegin.o

.ARM.extab
 *(.ARM.extab* .gnu.linkonce.armextab.*)

.ARM            0x0000000008001f68        0x0
                0x0000000008001f68                __exidx_start = .
 *(.ARM.exidx*)
                0x0000000008001f68                __exidx_end = .

.preinit_array  0x0000000008001f68        0x0
                0x0000000008001f68                PROVIDE (__preinit_array_start = .)
 *(.preinit_array*)
                0x0000000008001f68                PROVIDE (__preinit_array_end = .)

.init_array     0x0000000008001f68        0x4
                0x0000000008001f68                PROVIDE (__init_array_start = .)
 *(SORT_BY_NAME(.init_array.*))
 *(.init_array*)
 .init_array    0x0000000008001f68        0x4 c:/users/marko micovic/desktop/gnu mcu new/arm-none-eabi-gcc-10.2.1-1.1/bin/../lib/gcc/arm-none-eabi/10.2.1/thumb/v7-m/nofp/crtbegin.o
                0x0000000008001f6c                PROVIDE (__init_array_end = .)

.fini_array     0x0000000008001f6c        0x4
                [!provide]                        PROVIDE (__fini_array_start = .)
 *(SORT_BY_NAME(.fini_array.*))
 *(.fini_array*)
 .fini_array    0x0000000008001f6c        0x4 c:/users/marko micovic/desktop/gnu mcu new/arm-none-eabi-gcc-10.2.1-1.1/bin/../lib/gcc/arm-none-eabi/10.2.1/thumb/v7-m/nofp/crtbegin.o
                [!provide]                        PROVIDE (__fini_array_end = .)
                0x0000000008001f70                _sidata = LOADADDR (.data)

.data           0x0000000020000000       0x1c load address 0x0000000008001f70
                0x0000000020000000                . = ALIGN (0x4)
                0x0000000020000000                _sdata = .
 *(.data)
 *(.data*)
 .data.uwTickFreq
                0x0000000020000000        0x1 build/stm32f1xx_hal.o
                0x0000000020000000                uwTickFreq
 *fill*         0x0000000020000001        0x3 
 .data.uwTickPrio
                0x0000000020000004        0x4 build/stm32f1xx_hal.o
                0x0000000020000004                uwTickPrio
 .data.SystemCoreClock
                0x0000000020000008        0x4 build/system_stm32f1xx.o
                0x0000000020000008                SystemCoreClock
 .data.casovnik_tim_handle
                0x000000002000000c        0x4 build/casovnik.o
                0x000000002000000c                casovnik_tim_handle
 .data.seven_seg
                0x0000000020000010        0xa build/casovnik.o
                0x0000000020000010                seven_seg
                0x000000002000001c                . = ALIGN (0x4)
 *fill*         0x000000002000001a        0x2 
                0x000000002000001c                _edata = .

.igot.plt       0x000000002000001c        0x0 load address 0x0000000008001f8c
 .igot.plt      0x000000002000001c        0x0 c:/users/marko micovic/desktop/gnu mcu new/arm-none-eabi-gcc-10.2.1-1.1/bin/../lib/gcc/arm-none-eabi/10.2.1/thumb/v7-m/nofp/crtbegin.o
                0x000000002000001c                . = ALIGN (0x4)

.bss            0x000000002000001c       0xdc load address 0x0000000008001f8c
                0x000000002000001c                _sbss = .
                0x000000002000001c                __bss_start__ = _sbss
 *(.bss)
 *(.bss*)
 .bss.completed.1
                0x000000002000001c        0x1 c:/users/marko micovic/desktop/gnu mcu new/arm-none-eabi-gcc-10.2.1-1.1/bin/../lib/gcc/arm-none-eabi/10.2.1/thumb/v7-m/nofp/crtbegin.o
 *fill*         0x000000002000001d        0x3 
 .bss.object.0  0x0000000020000020       0x18 c:/users/marko micovic/desktop/gnu mcu new/arm-none-eabi-gcc-10.2.1-1.1/bin/../lib/gcc/arm-none-eabi/10.2.1/thumb/v7-m/nofp/crtbegin.o
 .bss.ON_OFF    0x0000000020000038        0x1 build/stm32f1xx_it.o
                0x0000000020000038                ON_OFF
 *fill*         0x0000000020000039        0x1 
 .bss.gu16_TIM1_OVC
                0x000000002000003a        0x2 build/stm32f1xx_it.o
                0x000000002000003a                gu16_TIM1_OVC
 .bss.gu32_Freq
                0x000000002000003c        0x4 build/stm32f1xx_it.o
                0x000000002000003c                gu32_Freq
 .bss.gu32_T1   0x0000000020000040        0x4 build/stm32f1xx_it.o
                0x0000000020000040                gu32_T1
 .bss.gu32_T2   0x0000000020000044        0x4 build/stm32f1xx_it.o
                0x0000000020000044                gu32_T2
 .bss.gu32_Ticks
                0x0000000020000048        0x4 build/stm32f1xx_it.o
                0x0000000020000048                gu32_Ticks
 .bss.gu8_State
                0x000000002000004c        0x1 build/stm32f1xx_it.o
                0x000000002000004c                gu8_State
 .bss.prikazFreq
                0x000000002000004d        0x1 build/stm32f1xx_it.o
                0x000000002000004d                prikazFreq
 *fill*         0x000000002000004e        0x2 
 .bss.uwTick    0x0000000020000050        0x4 build/stm32f1xx_hal.o
                0x0000000020000050                uwTick
 .bss.htim1     0x0000000020000054       0x48 build/tim.o
                0x0000000020000054                htim1
 .bss.htim3     0x000000002000009c       0x48 build/tim.o
                0x000000002000009c                htim3
 .bss.cifre     0x00000000200000e4        0x4 build/casovnik.o
                0x00000000200000e4                cifre
 .bss.counter   0x00000000200000e8        0x4 build/casovnik.o
                0x00000000200000e8                counter
 .bss.minuti    0x00000000200000ec        0x4 build/casovnik.o
                0x00000000200000ec                minuti
 .bss.sekunde   0x00000000200000f0        0x4 build/casovnik.o
                0x00000000200000f0                sekunde
 .bss.tekuca    0x00000000200000f4        0x1 build/casovnik.o
                0x00000000200000f4                tekuca
 *(COMMON)
                0x00000000200000f8                . = ALIGN (0x4)
 *fill*         0x00000000200000f5        0x3 
                0x00000000200000f8                _ebss = .
                0x00000000200000f8                __bss_end__ = _ebss

._user_heap_stack
                0x00000000200000f8      0x600 load address 0x0000000008001f8c
                0x00000000200000f8                . = ALIGN (0x8)
                [!provide]                        PROVIDE (end = .)
                [!provide]                        PROVIDE (_end = .)
                0x00000000200002f8                . = (. + _Min_Heap_Size)
 *fill*         0x00000000200000f8      0x200 
                0x00000000200006f8                . = (. + _Min_Stack_Size)
 *fill*         0x00000000200002f8      0x400 
                0x00000000200006f8                . = ALIGN (0x8)

/DISCARD/
 libc.a(*)
 libm.a(*)
 libgcc.a(*)

.ARM.attributes
                0x0000000000000000       0x29
 *(.ARM.attributes)
 .ARM.attributes
                0x0000000000000000       0x1d c:/users/marko micovic/desktop/gnu mcu new/arm-none-eabi-gcc-10.2.1-1.1/bin/../lib/gcc/arm-none-eabi/10.2.1/thumb/v7-m/nofp/crti.o
 .ARM.attributes
                0x000000000000001d       0x2d c:/users/marko micovic/desktop/gnu mcu new/arm-none-eabi-gcc-10.2.1-1.1/bin/../lib/gcc/arm-none-eabi/10.2.1/thumb/v7-m/nofp/crtbegin.o
 .ARM.attributes
                0x000000000000004a       0x2d build/main.o
 .ARM.attributes
                0x0000000000000077       0x2d build/gpio.o
 .ARM.attributes
                0x00000000000000a4       0x2d build/stm32f1xx_it.o
 .ARM.attributes
                0x00000000000000d1       0x2d build/stm32f1xx_hal_msp.o
 .ARM.attributes
                0x00000000000000fe       0x2d build/stm32f1xx_hal_tim.o
 .ARM.attributes
                0x000000000000012b       0x2d build/stm32f1xx_hal_tim_ex.o
 .ARM.attributes
                0x0000000000000158       0x2d build/stm32f1xx_hal.o
 .ARM.attributes
                0x0000000000000185       0x2d build/stm32f1xx_hal_rcc.o
 .ARM.attributes
                0x00000000000001b2       0x2d build/stm32f1xx_hal_gpio.o
 .ARM.attributes
                0x00000000000001df       0x2d build/stm32f1xx_hal_cortex.o
 .ARM.attributes
                0x000000000000020c       0x2d build/system_stm32f1xx.o
 .ARM.attributes
                0x0000000000000239       0x2d build/tim.o
 .ARM.attributes
                0x0000000000000266       0x2d build/casovnik.o
 .ARM.attributes
                0x0000000000000293       0x21 build/startup_stm32f103x6.o
 .ARM.attributes
                0x00000000000002b4       0x2d c:/users/marko micovic/desktop/gnu mcu new/arm-none-eabi-gcc-10.2.1-1.1/bin/../lib/gcc/arm-none-eabi/10.2.1/../../../../arm-none-eabi/lib/thumb/v7-m/nofp\libc_nano.a(lib_a-init.o)
 .ARM.attributes
                0x00000000000002e1       0x2d c:/users/marko micovic/desktop/gnu mcu new/arm-none-eabi-gcc-10.2.1-1.1/bin/../lib/gcc/arm-none-eabi/10.2.1/../../../../arm-none-eabi/lib/thumb/v7-m/nofp\libc_nano.a(lib_a-memset.o)
 .ARM.attributes
                0x000000000000030e       0x1d c:/users/marko micovic/desktop/gnu mcu new/arm-none-eabi-gcc-10.2.1-1.1/bin/../lib/gcc/arm-none-eabi/10.2.1/thumb/v7-m/nofp/crtn.o
OUTPUT(build/code.elf elf32-littlearm)
LOAD linker stubs
LOAD c:/users/marko micovic/desktop/gnu mcu new/arm-none-eabi-gcc-10.2.1-1.1/bin/../lib/gcc/arm-none-eabi/10.2.1/../../../../arm-none-eabi/lib/thumb/v7-m/nofp\libc.a
LOAD c:/users/marko micovic/desktop/gnu mcu new/arm-none-eabi-gcc-10.2.1-1.1/bin/../lib/gcc/arm-none-eabi/10.2.1/../../../../arm-none-eabi/lib/thumb/v7-m/nofp\libm.a
LOAD c:/users/marko micovic/desktop/gnu mcu new/arm-none-eabi-gcc-10.2.1-1.1/bin/../lib/gcc/arm-none-eabi/10.2.1/thumb/v7-m/nofp\libgcc.a

.debug_info     0x0000000000000000     0xb8f7
 .debug_info    0x0000000000000000      0x9c7 build/main.o
 .debug_info    0x00000000000009c7      0x57d build/gpio.o
 .debug_info    0x0000000000000f44      0xab0 build/stm32f1xx_it.o
 .debug_info    0x00000000000019f4      0x238 build/stm32f1xx_hal_msp.o
 .debug_info    0x0000000000001c2c     0x3e12 build/stm32f1xx_hal_tim.o
 .debug_info    0x0000000000005a3e     0x1b67 build/stm32f1xx_hal_tim_ex.o
 .debug_info    0x00000000000075a5      0x837 build/stm32f1xx_hal.o
 .debug_info    0x0000000000007ddc      0xaec build/stm32f1xx_hal_rcc.o
 .debug_info    0x00000000000088c8      0x6d7 build/stm32f1xx_hal_gpio.o
 .debug_info    0x0000000000008f9f      0xe0f build/stm32f1xx_hal_cortex.o
 .debug_info    0x0000000000009dae      0x26e build/system_stm32f1xx.o
 .debug_info    0x000000000000a01c     0x101e build/tim.o
 .debug_info    0x000000000000b03a      0x89b build/casovnik.o
 .debug_info    0x000000000000b8d5       0x22 build/startup_stm32f103x6.o

.debug_abbrev   0x0000000000000000     0x1ac1
 .debug_abbrev  0x0000000000000000      0x1f5 build/main.o
 .debug_abbrev  0x00000000000001f5      0x170 build/gpio.o
 .debug_abbrev  0x0000000000000365      0x23c build/stm32f1xx_it.o
 .debug_abbrev  0x00000000000005a1       0xe7 build/stm32f1xx_hal_msp.o
 .debug_abbrev  0x0000000000000688      0x296 build/stm32f1xx_hal_tim.o
 .debug_abbrev  0x000000000000091e      0x298 build/stm32f1xx_hal_tim_ex.o
 .debug_abbrev  0x0000000000000bb6      0x1f7 build/stm32f1xx_hal.o
 .debug_abbrev  0x0000000000000dad      0x29a build/stm32f1xx_hal_rcc.o
 .debug_abbrev  0x0000000000001047      0x222 build/stm32f1xx_hal_gpio.o
 .debug_abbrev  0x0000000000001269      0x359 build/stm32f1xx_hal_cortex.o
 .debug_abbrev  0x00000000000015c2      0x140 build/system_stm32f1xx.o
 .debug_abbrev  0x0000000000001702      0x1f3 build/tim.o
 .debug_abbrev  0x00000000000018f5      0x1ba build/casovnik.o
 .debug_abbrev  0x0000000000001aaf       0x12 build/startup_stm32f103x6.o

.debug_loc      0x0000000000000000     0x93e1
 .debug_loc     0x0000000000000000       0x59 build/main.o
 .debug_loc     0x0000000000000059       0xc8 build/gpio.o
 .debug_loc     0x0000000000000121      0x102 build/stm32f1xx_it.o
 .debug_loc     0x0000000000000223       0x41 build/stm32f1xx_hal_msp.o
 .debug_loc     0x0000000000000264     0x56a6 build/stm32f1xx_hal_tim.o
 .debug_loc     0x000000000000590a     0x20a0 build/stm32f1xx_hal_tim_ex.o
 .debug_loc     0x00000000000079aa      0x1e1 build/stm32f1xx_hal.o
 .debug_loc     0x0000000000007b8b      0x7ee build/stm32f1xx_hal_rcc.o
 .debug_loc     0x0000000000008379      0x511 build/stm32f1xx_hal_gpio.o
 .debug_loc     0x000000000000888a      0x77f build/stm32f1xx_hal_cortex.o
 .debug_loc     0x0000000000009009       0xff build/system_stm32f1xx.o
 .debug_loc     0x0000000000009108      0x232 build/tim.o
 .debug_loc     0x000000000000933a       0xa7 build/casovnik.o

.debug_aranges  0x0000000000000000      0x958
 .debug_aranges
                0x0000000000000000       0x30 build/main.o
 .debug_aranges
                0x0000000000000030       0x28 build/gpio.o
 .debug_aranges
                0x0000000000000058       0x98 build/stm32f1xx_it.o
 .debug_aranges
                0x00000000000000f0       0x20 build/stm32f1xx_hal_msp.o
 .debug_aranges
                0x0000000000000110      0x3d0 build/stm32f1xx_hal_tim.o
 .debug_aranges
                0x00000000000004e0      0x168 build/stm32f1xx_hal_tim_ex.o
 .debug_aranges
                0x0000000000000648       0xe0 build/stm32f1xx_hal.o
 .debug_aranges
                0x0000000000000728       0x90 build/stm32f1xx_hal_rcc.o
 .debug_aranges
                0x00000000000007b8       0x58 build/stm32f1xx_hal_gpio.o
 .debug_aranges
                0x0000000000000810       0x90 build/stm32f1xx_hal_cortex.o
 .debug_aranges
                0x00000000000008a0       0x28 build/system_stm32f1xx.o
 .debug_aranges
                0x00000000000008c8       0x40 build/tim.o
 .debug_aranges
                0x0000000000000908       0x28 build/casovnik.o
 .debug_aranges
                0x0000000000000930       0x28 build/startup_stm32f103x6.o

.debug_ranges   0x0000000000000000      0x900
 .debug_ranges  0x0000000000000000       0x20 build/main.o
 .debug_ranges  0x0000000000000020       0x18 build/gpio.o
 .debug_ranges  0x0000000000000038       0x88 build/stm32f1xx_it.o
 .debug_ranges  0x00000000000000c0       0x10 build/stm32f1xx_hal_msp.o
 .debug_ranges  0x00000000000000d0      0x3c0 build/stm32f1xx_hal_tim.o
 .debug_ranges  0x0000000000000490      0x158 build/stm32f1xx_hal_tim_ex.o
 .debug_ranges  0x00000000000005e8       0xd0 build/stm32f1xx_hal.o
 .debug_ranges  0x00000000000006b8       0xa0 build/stm32f1xx_hal_rcc.o
 .debug_ranges  0x0000000000000758       0x48 build/stm32f1xx_hal_gpio.o
 .debug_ranges  0x00000000000007a0       0xe0 build/stm32f1xx_hal_cortex.o
 .debug_ranges  0x0000000000000880       0x18 build/system_stm32f1xx.o
 .debug_ranges  0x0000000000000898       0x30 build/tim.o
 .debug_ranges  0x00000000000008c8       0x18 build/casovnik.o
 .debug_ranges  0x00000000000008e0       0x20 build/startup_stm32f103x6.o

.debug_line     0x0000000000000000     0x95e7
 .debug_line    0x0000000000000000      0x301 build/main.o
 .debug_line    0x0000000000000301      0x28a build/gpio.o
 .debug_line    0x000000000000058b      0x49d build/stm32f1xx_it.o
 .debug_line    0x0000000000000a28      0x197 build/stm32f1xx_hal_msp.o
 .debug_line    0x0000000000000bbf     0x4652 build/stm32f1xx_hal_tim.o
 .debug_line    0x0000000000005211     0x1b57 build/stm32f1xx_hal_tim_ex.o
 .debug_line    0x0000000000006d68      0x54e build/stm32f1xx_hal.o
 .debug_line    0x00000000000072b6      0xc49 build/stm32f1xx_hal_rcc.o
 .debug_line    0x0000000000007eff      0x5e9 build/stm32f1xx_hal_gpio.o
 .debug_line    0x00000000000084e8      0x656 build/stm32f1xx_hal_cortex.o
 .debug_line    0x0000000000008b3e      0x260 build/system_stm32f1xx.o
 .debug_line    0x0000000000008d9e      0x4ef build/tim.o
 .debug_line    0x000000000000928d      0x2e8 build/casovnik.o
 .debug_line    0x0000000000009575       0x72 build/startup_stm32f103x6.o

.debug_str      0x0000000000000000     0x2ce0
 .debug_str     0x0000000000000000      0x794 build/main.o
                                        0x847 (size before relaxing)
 .debug_str     0x0000000000000794      0x3c1 build/gpio.o
                                        0x566 (size before relaxing)
 .debug_str     0x0000000000000b55      0x21d build/stm32f1xx_it.o
                                        0x880 (size before relaxing)
 .debug_str     0x0000000000000d72       0x5a build/stm32f1xx_hal_msp.o
                                        0x216 (size before relaxing)
 .debug_str     0x0000000000000dcc      0xeec build/stm32f1xx_hal_tim.o
                                       0x162f (size before relaxing)
 .debug_str     0x0000000000001cb8      0x594 build/stm32f1xx_hal_tim_ex.o
                                        0xe30 (size before relaxing)
 .debug_str     0x000000000000224c      0x30c build/stm32f1xx_hal.o
                                        0x7e1 (size before relaxing)
 .debug_str     0x0000000000002558      0x201 build/stm32f1xx_hal_rcc.o
                                        0x622 (size before relaxing)
 .debug_str     0x0000000000002759       0xd0 build/stm32f1xx_hal_gpio.o
                                        0x3f7 (size before relaxing)
 .debug_str     0x0000000000002829      0x3b2 build/stm32f1xx_hal_cortex.o
                                        0x890 (size before relaxing)
 .debug_str     0x0000000000002bdb       0x52 build/system_stm32f1xx.o
                                        0x24b (size before relaxing)
 .debug_str     0x0000000000002c2d       0x53 build/tim.o
                                        0xc7c (size before relaxing)
 .debug_str     0x0000000000002c80       0x3c build/casovnik.o
                                        0x735 (size before relaxing)
 .debug_str     0x0000000000002cbc       0x24 build/startup_stm32f103x6.o
                                         0x5a (size before relaxing)

.comment        0x0000000000000000       0x44
 .comment       0x0000000000000000       0x44 build/main.o
                                         0x45 (size before relaxing)
 .comment       0x0000000000000044       0x45 build/gpio.o
 .comment       0x0000000000000044       0x45 build/stm32f1xx_it.o
 .comment       0x0000000000000044       0x45 build/stm32f1xx_hal_msp.o
 .comment       0x0000000000000044       0x45 build/stm32f1xx_hal_tim.o
 .comment       0x0000000000000044       0x45 build/stm32f1xx_hal_tim_ex.o
 .comment       0x0000000000000044       0x45 build/stm32f1xx_hal.o
 .comment       0x0000000000000044       0x45 build/stm32f1xx_hal_rcc.o
 .comment       0x0000000000000044       0x45 build/stm32f1xx_hal_gpio.o
 .comment       0x0000000000000044       0x45 build/stm32f1xx_hal_cortex.o
 .comment       0x0000000000000044       0x45 build/system_stm32f1xx.o
 .comment       0x0000000000000044       0x45 build/tim.o
 .comment       0x0000000000000044       0x45 build/casovnik.o

.debug_frame    0x0000000000000000     0x1814
 .debug_frame   0x0000000000000000       0x58 build/main.o
 .debug_frame   0x0000000000000058       0x54 build/gpio.o
 .debug_frame   0x00000000000000ac      0x140 build/stm32f1xx_it.o
 .debug_frame   0x00000000000001ec       0x28 build/stm32f1xx_hal_msp.o
 .debug_frame   0x0000000000000214      0xb30 build/stm32f1xx_hal_tim.o
 .debug_frame   0x0000000000000d44      0x40c build/stm32f1xx_hal_tim_ex.o
 .debug_frame   0x0000000000001150      0x1cc build/stm32f1xx_hal.o
 .debug_frame   0x000000000000131c      0x190 build/stm32f1xx_hal_rcc.o
 .debug_frame   0x00000000000014ac       0xe4 build/stm32f1xx_hal_gpio.o
 .debug_frame   0x0000000000001590      0x118 build/stm32f1xx_hal_cortex.o
 .debug_frame   0x00000000000016a8       0x30 build/system_stm32f1xx.o
 .debug_frame   0x00000000000016d8       0xac build/tim.o
 .debug_frame   0x0000000000001784       0x44 build/casovnik.o
 .debug_frame   0x00000000000017c8       0x2c c:/users/marko micovic/desktop/gnu mcu new/arm-none-eabi-gcc-10.2.1-1.1/bin/../lib/gcc/arm-none-eabi/10.2.1/../../../../arm-none-eabi/lib/thumb/v7-m/nofp\libc_nano.a(lib_a-init.o)
 .debug_frame   0x00000000000017f4       0x20 c:/users/marko micovic/desktop/gnu mcu new/arm-none-eabi-gcc-10.2.1-1.1/bin/../lib/gcc/arm-none-eabi/10.2.1/../../../../arm-none-eabi/lib/thumb/v7-m/nofp\libc_nano.a(lib_a-memset.o)

Cross Reference Table

Symbol                                            File
ADC1_2_IRQHandler                                 build/startup_stm32f103x6.o
AHBPrescTable                                     build/system_stm32f1xx.o
                                                  build/stm32f1xx_hal_rcc.o
APBPrescTable                                     build/system_stm32f1xx.o
                                                  build/stm32f1xx_hal_rcc.o
BusFault_Handler                                  build/stm32f1xx_it.o
CAN1_RX1_IRQHandler                               build/startup_stm32f103x6.o
CAN1_SCE_IRQHandler                               build/startup_stm32f103x6.o
DMA1_Channel1_IRQHandler                          build/startup_stm32f103x6.o
DMA1_Channel2_IRQHandler                          build/startup_stm32f103x6.o
DMA1_Channel3_IRQHandler                          build/startup_stm32f103x6.o
DMA1_Channel4_IRQHandler                          build/startup_stm32f103x6.o
DMA1_Channel5_IRQHandler                          build/startup_stm32f103x6.o
DMA1_Channel6_IRQHandler                          build/startup_stm32f103x6.o
DMA1_Channel7_IRQHandler                          build/startup_stm32f103x6.o
DebugMon_Handler                                  build/stm32f1xx_it.o
Default_Handler                                   build/startup_stm32f103x6.o
EXTI0_IRQHandler                                  build/startup_stm32f103x6.o
EXTI15_10_IRQHandler                              build/stm32f1xx_it.o
EXTI1_IRQHandler                                  build/startup_stm32f103x6.o
EXTI2_IRQHandler                                  build/startup_stm32f103x6.o
EXTI3_IRQHandler                                  build/startup_stm32f103x6.o
EXTI4_IRQHandler                                  build/startup_stm32f103x6.o
EXTI9_5_IRQHandler                                build/startup_stm32f103x6.o
Error_Handler                                     build/main.o
                                                  build/tim.o
FLASH_IRQHandler                                  build/startup_stm32f103x6.o
FLASH_PageErase                                   build/stm32f1xx_hal_flash_ex.o
                                                  build/stm32f1xx_hal_flash.o
FLASH_WaitForLastOperation                        build/stm32f1xx_hal_flash.o
                                                  build/stm32f1xx_hal_flash_ex.o
HAL_DBGMCU_DisableDBGSleepMode                    build/stm32f1xx_hal.o
HAL_DBGMCU_DisableDBGStandbyMode                  build/stm32f1xx_hal.o
HAL_DBGMCU_DisableDBGStopMode                     build/stm32f1xx_hal.o
HAL_DBGMCU_EnableDBGSleepMode                     build/stm32f1xx_hal.o
HAL_DBGMCU_EnableDBGStandbyMode                   build/stm32f1xx_hal.o
HAL_DBGMCU_EnableDBGStopMode                      build/stm32f1xx_hal.o
HAL_DMA_Abort                                     build/stm32f1xx_hal_dma.o
HAL_DMA_Abort_IT                                  build/stm32f1xx_hal_dma.o
                                                  build/stm32f1xx_hal_tim_ex.o
                                                  build/stm32f1xx_hal_tim.o
HAL_DMA_DeInit                                    build/stm32f1xx_hal_dma.o
HAL_DMA_GetError                                  build/stm32f1xx_hal_dma.o
HAL_DMA_GetState                                  build/stm32f1xx_hal_dma.o
HAL_DMA_IRQHandler                                build/stm32f1xx_hal_dma.o
HAL_DMA_Init                                      build/stm32f1xx_hal_dma.o
HAL_DMA_PollForTransfer                           build/stm32f1xx_hal_dma.o
HAL_DMA_RegisterCallback                          build/stm32f1xx_hal_dma.o
HAL_DMA_Start                                     build/stm32f1xx_hal_dma.o
HAL_DMA_Start_IT                                  build/stm32f1xx_hal_dma.o
                                                  build/stm32f1xx_hal_tim_ex.o
                                                  build/stm32f1xx_hal_tim.o
HAL_DMA_UnRegisterCallback                        build/stm32f1xx_hal_dma.o
HAL_DeInit                                        build/stm32f1xx_hal.o
HAL_Delay                                         build/stm32f1xx_hal.o
HAL_EXTI_ClearConfigLine                          build/stm32f1xx_hal_exti.o
HAL_EXTI_ClearPending                             build/stm32f1xx_hal_exti.o
HAL_EXTI_GenerateSWI                              build/stm32f1xx_hal_exti.o
HAL_EXTI_GetConfigLine                            build/stm32f1xx_hal_exti.o
HAL_EXTI_GetHandle                                build/stm32f1xx_hal_exti.o
HAL_EXTI_GetPending                               build/stm32f1xx_hal_exti.o
HAL_EXTI_IRQHandler                               build/stm32f1xx_hal_exti.o
HAL_EXTI_RegisterCallback                         build/stm32f1xx_hal_exti.o
HAL_EXTI_SetConfigLine                            build/stm32f1xx_hal_exti.o
HAL_FLASHEx_Erase                                 build/stm32f1xx_hal_flash_ex.o
HAL_FLASHEx_Erase_IT                              build/stm32f1xx_hal_flash_ex.o
HAL_FLASHEx_OBErase                               build/stm32f1xx_hal_flash_ex.o
HAL_FLASHEx_OBGetConfig                           build/stm32f1xx_hal_flash_ex.o
HAL_FLASHEx_OBGetUserData                         build/stm32f1xx_hal_flash_ex.o
HAL_FLASHEx_OBProgram                             build/stm32f1xx_hal_flash_ex.o
HAL_FLASH_EndOfOperationCallback                  build/stm32f1xx_hal_flash.o
HAL_FLASH_GetError                                build/stm32f1xx_hal_flash.o
HAL_FLASH_IRQHandler                              build/stm32f1xx_hal_flash.o
HAL_FLASH_Lock                                    build/stm32f1xx_hal_flash.o
HAL_FLASH_OB_Launch                               build/stm32f1xx_hal_flash.o
HAL_FLASH_OB_Lock                                 build/stm32f1xx_hal_flash.o
HAL_FLASH_OB_Unlock                               build/stm32f1xx_hal_flash.o
HAL_FLASH_OperationErrorCallback                  build/stm32f1xx_hal_flash.o
HAL_FLASH_Program                                 build/stm32f1xx_hal_flash.o
HAL_FLASH_Program_IT                              build/stm32f1xx_hal_flash.o
HAL_FLASH_Unlock                                  build/stm32f1xx_hal_flash.o
HAL_GPIOEx_ConfigEventout                         build/stm32f1xx_hal_gpio_ex.o
HAL_GPIOEx_DisableEventout                        build/stm32f1xx_hal_gpio_ex.o
HAL_GPIOEx_EnableEventout                         build/stm32f1xx_hal_gpio_ex.o
HAL_GPIO_DeInit                                   build/stm32f1xx_hal_gpio.o
                                                  build/tim.o
HAL_GPIO_EXTI_Callback                            build/stm32f1xx_it.o
HAL_GPIO_EXTI_IRQHandler                          build/stm32f1xx_hal_gpio.o
                                                  build/stm32f1xx_it.o
HAL_GPIO_Init                                     build/stm32f1xx_hal_gpio.o
                                                  build/tim.o
                                                  build/stm32f1xx_hal_rcc.o
                                                  build/gpio.o
HAL_GPIO_LockPin                                  build/stm32f1xx_hal_gpio.o
HAL_GPIO_ReadPin                                  build/stm32f1xx_hal_gpio.o
HAL_GPIO_TogglePin                                build/stm32f1xx_hal_gpio.o
                                                  build/stm32f1xx_it.o
HAL_GPIO_WritePin                                 build/stm32f1xx_hal_gpio.o
                                                  build/gpio.o
HAL_GetDEVID                                      build/stm32f1xx_hal.o
HAL_GetHalVersion                                 build/stm32f1xx_hal.o
HAL_GetREVID                                      build/stm32f1xx_hal.o
HAL_GetTick                                       build/stm32f1xx_hal.o
                                                  build/stm32f1xx_hal_flash.o
                                                  build/stm32f1xx_hal_dma.o
                                                  build/stm32f1xx_hal_rcc_ex.o
                                                  build/stm32f1xx_hal_rcc.o
HAL_GetTickFreq                                   build/stm32f1xx_hal.o
HAL_GetTickPrio                                   build/stm32f1xx_hal.o
HAL_GetUIDw0                                      build/stm32f1xx_hal.o
HAL_GetUIDw1                                      build/stm32f1xx_hal.o
HAL_GetUIDw2                                      build/stm32f1xx_hal.o
HAL_IncTick                                       build/stm32f1xx_hal.o
                                                  build/stm32f1xx_it.o
HAL_Init                                          build/stm32f1xx_hal.o
                                                  build/main.o
HAL_InitTick                                      build/stm32f1xx_hal.o
                                                  build/stm32f1xx_hal_rcc.o
HAL_MspDeInit                                     build/stm32f1xx_hal.o
HAL_MspInit                                       build/stm32f1xx_hal_msp.o
HAL_NVIC_ClearPendingIRQ                          build/stm32f1xx_hal_cortex.o
HAL_NVIC_DisableIRQ                               build/stm32f1xx_hal_cortex.o
                                                  build/tim.o
HAL_NVIC_EnableIRQ                                build/stm32f1xx_hal_cortex.o
                                                  build/tim.o
                                                  build/gpio.o
HAL_NVIC_GetActive                                build/stm32f1xx_hal_cortex.o
HAL_NVIC_GetPendingIRQ                            build/stm32f1xx_hal_cortex.o
HAL_NVIC_GetPriority                              build/stm32f1xx_hal_cortex.o
HAL_NVIC_GetPriorityGrouping                      build/stm32f1xx_hal_cortex.o
HAL_NVIC_SetPendingIRQ                            build/stm32f1xx_hal_cortex.o
HAL_NVIC_SetPriority                              build/stm32f1xx_hal_cortex.o
                                                  build/tim.o
                                                  build/stm32f1xx_hal.o
                                                  build/gpio.o
HAL_NVIC_SetPriorityGrouping                      build/stm32f1xx_hal_cortex.o
                                                  build/stm32f1xx_hal.o
HAL_NVIC_SystemReset                              build/stm32f1xx_hal_cortex.o
                                                  build/stm32f1xx_hal_flash.o
HAL_PWR_ConfigPVD                                 build/stm32f1xx_hal_pwr.o
HAL_PWR_DeInit                                    build/stm32f1xx_hal_pwr.o
HAL_PWR_DisableBkUpAccess                         build/stm32f1xx_hal_pwr.o
HAL_PWR_DisablePVD                                build/stm32f1xx_hal_pwr.o
HAL_PWR_DisableSEVOnPend                          build/stm32f1xx_hal_pwr.o
HAL_PWR_DisableSleepOnExit                        build/stm32f1xx_hal_pwr.o
HAL_PWR_DisableWakeUpPin                          build/stm32f1xx_hal_pwr.o
HAL_PWR_EnableBkUpAccess                          build/stm32f1xx_hal_pwr.o
HAL_PWR_EnablePVD                                 build/stm32f1xx_hal_pwr.o
HAL_PWR_EnableSEVOnPend                           build/stm32f1xx_hal_pwr.o
HAL_PWR_EnableSleepOnExit                         build/stm32f1xx_hal_pwr.o
HAL_PWR_EnableWakeUpPin                           build/stm32f1xx_hal_pwr.o
HAL_PWR_EnterSLEEPMode                            build/stm32f1xx_hal_pwr.o
HAL_PWR_EnterSTANDBYMode                          build/stm32f1xx_hal_pwr.o
HAL_PWR_EnterSTOPMode                             build/stm32f1xx_hal_pwr.o
HAL_PWR_PVDCallback                               build/stm32f1xx_hal_pwr.o
HAL_PWR_PVD_IRQHandler                            build/stm32f1xx_hal_pwr.o
HAL_RCCEx_GetPeriphCLKConfig                      build/stm32f1xx_hal_rcc_ex.o
HAL_RCCEx_GetPeriphCLKFreq                        build/stm32f1xx_hal_rcc_ex.o
HAL_RCCEx_PeriphCLKConfig                         build/stm32f1xx_hal_rcc_ex.o
HAL_RCC_CSSCallback                               build/stm32f1xx_hal_rcc.o
HAL_RCC_ClockConfig                               build/stm32f1xx_hal_rcc.o
                                                  build/main.o
HAL_RCC_DeInit                                    build/stm32f1xx_hal_rcc.o
HAL_RCC_DisableCSS                                build/stm32f1xx_hal_rcc.o
HAL_RCC_EnableCSS                                 build/stm32f1xx_hal_rcc.o
HAL_RCC_GetClockConfig                            build/stm32f1xx_hal_rcc.o
HAL_RCC_GetHCLKFreq                               build/stm32f1xx_hal_rcc.o
HAL_RCC_GetOscConfig                              build/stm32f1xx_hal_rcc.o
HAL_RCC_GetPCLK1Freq                              build/stm32f1xx_hal_rcc.o
HAL_RCC_GetPCLK2Freq                              build/stm32f1xx_hal_rcc.o
                                                  build/stm32f1xx_hal_rcc_ex.o
HAL_RCC_GetSysClockFreq                           build/stm32f1xx_hal_rcc.o
HAL_RCC_MCOConfig                                 build/stm32f1xx_hal_rcc.o
HAL_RCC_NMI_IRQHandler                            build/stm32f1xx_hal_rcc.o
HAL_RCC_OscConfig                                 build/stm32f1xx_hal_rcc.o
                                                  build/main.o
HAL_ResumeTick                                    build/stm32f1xx_hal.o
HAL_SYSTICK_CLKSourceConfig                       build/stm32f1xx_hal_cortex.o
HAL_SYSTICK_Callback                              build/stm32f1xx_hal_cortex.o
HAL_SYSTICK_Config                                build/stm32f1xx_hal_cortex.o
                                                  build/stm32f1xx_hal.o
HAL_SYSTICK_IRQHandler                            build/stm32f1xx_hal_cortex.o
HAL_SetTickFreq                                   build/stm32f1xx_hal.o
HAL_SuspendTick                                   build/stm32f1xx_hal.o
HAL_TIMEx_BreakCallback                           build/stm32f1xx_hal_tim_ex.o
                                                  build/stm32f1xx_hal_tim.o
HAL_TIMEx_CommutCallback                          build/stm32f1xx_hal_tim_ex.o
                                                  build/stm32f1xx_hal_tim.o
HAL_TIMEx_CommutHalfCpltCallback                  build/stm32f1xx_hal_tim_ex.o
HAL_TIMEx_ConfigBreakDeadTime                     build/stm32f1xx_hal_tim_ex.o
HAL_TIMEx_ConfigCommutEvent                       build/stm32f1xx_hal_tim_ex.o
HAL_TIMEx_ConfigCommutEvent_DMA                   build/stm32f1xx_hal_tim_ex.o
HAL_TIMEx_ConfigCommutEvent_IT                    build/stm32f1xx_hal_tim_ex.o
HAL_TIMEx_GetChannelNState                        build/stm32f1xx_hal_tim_ex.o
HAL_TIMEx_HallSensor_DeInit                       build/stm32f1xx_hal_tim_ex.o
HAL_TIMEx_HallSensor_GetState                     build/stm32f1xx_hal_tim_ex.o
HAL_TIMEx_HallSensor_Init                         build/stm32f1xx_hal_tim_ex.o
HAL_TIMEx_HallSensor_MspDeInit                    build/stm32f1xx_hal_tim_ex.o
HAL_TIMEx_HallSensor_MspInit                      build/stm32f1xx_hal_tim_ex.o
HAL_TIMEx_HallSensor_Start                        build/stm32f1xx_hal_tim_ex.o
HAL_TIMEx_HallSensor_Start_DMA                    build/stm32f1xx_hal_tim_ex.o
HAL_TIMEx_HallSensor_Start_IT                     build/stm32f1xx_hal_tim_ex.o
HAL_TIMEx_HallSensor_Stop                         build/stm32f1xx_hal_tim_ex.o
HAL_TIMEx_HallSensor_Stop_DMA                     build/stm32f1xx_hal_tim_ex.o
HAL_TIMEx_HallSensor_Stop_IT                      build/stm32f1xx_hal_tim_ex.o
HAL_TIMEx_MasterConfigSynchronization             build/stm32f1xx_hal_tim_ex.o
                                                  build/tim.o
HAL_TIMEx_OCN_Start                               build/stm32f1xx_hal_tim_ex.o
HAL_TIMEx_OCN_Start_DMA                           build/stm32f1xx_hal_tim_ex.o
HAL_TIMEx_OCN_Start_IT                            build/stm32f1xx_hal_tim_ex.o
HAL_TIMEx_OCN_Stop                                build/stm32f1xx_hal_tim_ex.o
HAL_TIMEx_OCN_Stop_DMA                            build/stm32f1xx_hal_tim_ex.o
HAL_TIMEx_OCN_Stop_IT                             build/stm32f1xx_hal_tim_ex.o
HAL_TIMEx_OnePulseN_Start                         build/stm32f1xx_hal_tim_ex.o
HAL_TIMEx_OnePulseN_Start_IT                      build/stm32f1xx_hal_tim_ex.o
HAL_TIMEx_OnePulseN_Stop                          build/stm32f1xx_hal_tim_ex.o
HAL_TIMEx_OnePulseN_Stop_IT                       build/stm32f1xx_hal_tim_ex.o
HAL_TIMEx_PWMN_Start                              build/stm32f1xx_hal_tim_ex.o
HAL_TIMEx_PWMN_Start_DMA                          build/stm32f1xx_hal_tim_ex.o
HAL_TIMEx_PWMN_Start_IT                           build/stm32f1xx_hal_tim_ex.o
HAL_TIMEx_PWMN_Stop                               build/stm32f1xx_hal_tim_ex.o
HAL_TIMEx_PWMN_Stop_DMA                           build/stm32f1xx_hal_tim_ex.o
HAL_TIMEx_PWMN_Stop_IT                            build/stm32f1xx_hal_tim_ex.o
HAL_TIMEx_RemapConfig                             build/stm32f1xx_hal_tim_ex.o
HAL_TIM_Base_DeInit                               build/stm32f1xx_hal_tim.o
HAL_TIM_Base_GetState                             build/stm32f1xx_hal_tim.o
HAL_TIM_Base_Init                                 build/stm32f1xx_hal_tim.o
                                                  build/tim.o
HAL_TIM_Base_MspDeInit                            build/tim.o
                                                  build/stm32f1xx_hal_tim.o
HAL_TIM_Base_MspInit                              build/tim.o
                                                  build/stm32f1xx_hal_tim.o
HAL_TIM_Base_Start                                build/stm32f1xx_hal_tim.o
HAL_TIM_Base_Start_DMA                            build/stm32f1xx_hal_tim.o
HAL_TIM_Base_Start_IT                             build/stm32f1xx_hal_tim.o
                                                  build/casovnik.o
HAL_TIM_Base_Stop                                 build/stm32f1xx_hal_tim.o
HAL_TIM_Base_Stop_DMA                             build/stm32f1xx_hal_tim.o
HAL_TIM_Base_Stop_IT                              build/stm32f1xx_hal_tim.o
HAL_TIM_ConfigClockSource                         build/stm32f1xx_hal_tim.o
                                                  build/tim.o
HAL_TIM_ConfigOCrefClear                          build/stm32f1xx_hal_tim.o
HAL_TIM_ConfigTI1Input                            build/stm32f1xx_hal_tim.o
HAL_TIM_DMABurstState                             build/stm32f1xx_hal_tim.o
HAL_TIM_DMABurst_MultiReadStart                   build/stm32f1xx_hal_tim.o
HAL_TIM_DMABurst_MultiWriteStart                  build/stm32f1xx_hal_tim.o
HAL_TIM_DMABurst_ReadStart                        build/stm32f1xx_hal_tim.o
HAL_TIM_DMABurst_ReadStop                         build/stm32f1xx_hal_tim.o
HAL_TIM_DMABurst_WriteStart                       build/stm32f1xx_hal_tim.o
HAL_TIM_DMABurst_WriteStop                        build/stm32f1xx_hal_tim.o
HAL_TIM_Encoder_DeInit                            build/stm32f1xx_hal_tim.o
HAL_TIM_Encoder_GetState                          build/stm32f1xx_hal_tim.o
HAL_TIM_Encoder_Init                              build/stm32f1xx_hal_tim.o
HAL_TIM_Encoder_MspDeInit                         build/stm32f1xx_hal_tim.o
HAL_TIM_Encoder_MspInit                           build/stm32f1xx_hal_tim.o
HAL_TIM_Encoder_Start                             build/stm32f1xx_hal_tim.o
HAL_TIM_Encoder_Start_DMA                         build/stm32f1xx_hal_tim.o
HAL_TIM_Encoder_Start_IT                          build/stm32f1xx_hal_tim.o
HAL_TIM_Encoder_Stop                              build/stm32f1xx_hal_tim.o
HAL_TIM_Encoder_Stop_DMA                          build/stm32f1xx_hal_tim.o
HAL_TIM_Encoder_Stop_IT                           build/stm32f1xx_hal_tim.o
HAL_TIM_ErrorCallback                             build/stm32f1xx_hal_tim.o
                                                  build/stm32f1xx_hal_tim_ex.o
HAL_TIM_GenerateEvent                             build/stm32f1xx_hal_tim.o
HAL_TIM_GetActiveChannel                          build/stm32f1xx_hal_tim.o
HAL_TIM_GetChannelState                           build/stm32f1xx_hal_tim.o
HAL_TIM_IC_CaptureCallback                        build/stm32f1xx_it.o
HAL_TIM_IC_CaptureHalfCpltCallback                build/stm32f1xx_hal_tim.o
HAL_TIM_IC_ConfigChannel                          build/stm32f1xx_hal_tim.o
                                                  build/tim.o
HAL_TIM_IC_DeInit                                 build/stm32f1xx_hal_tim.o
HAL_TIM_IC_GetState                               build/stm32f1xx_hal_tim.o
HAL_TIM_IC_Init                                   build/stm32f1xx_hal_tim.o
                                                  build/tim.o
HAL_TIM_IC_MspDeInit                              build/stm32f1xx_hal_tim.o
HAL_TIM_IC_MspInit                                build/stm32f1xx_hal_tim.o
HAL_TIM_IC_Start                                  build/stm32f1xx_hal_tim.o
HAL_TIM_IC_Start_DMA                              build/stm32f1xx_hal_tim.o
HAL_TIM_IC_Start_IT                               build/stm32f1xx_hal_tim.o
                                                  build/casovnik.o
HAL_TIM_IC_Stop                                   build/stm32f1xx_hal_tim.o
HAL_TIM_IC_Stop_DMA                               build/stm32f1xx_hal_tim.o
HAL_TIM_IC_Stop_IT                                build/stm32f1xx_hal_tim.o
HAL_TIM_IRQHandler                                build/stm32f1xx_hal_tim.o
                                                  build/stm32f1xx_it.o
HAL_TIM_MspPostInit                               build/tim.o
HAL_TIM_OC_ConfigChannel                          build/stm32f1xx_hal_tim.o
                                                  build/tim.o
HAL_TIM_OC_DeInit                                 build/stm32f1xx_hal_tim.o
HAL_TIM_OC_DelayElapsedCallback                   build/stm32f1xx_it.o
HAL_TIM_OC_GetState                               build/stm32f1xx_hal_tim.o
HAL_TIM_OC_Init                                   build/stm32f1xx_hal_tim.o
                                                  build/tim.o
HAL_TIM_OC_MspDeInit                              build/stm32f1xx_hal_tim.o
HAL_TIM_OC_MspInit                                build/stm32f1xx_hal_tim.o
HAL_TIM_OC_Start                                  build/stm32f1xx_hal_tim.o
HAL_TIM_OC_Start_DMA                              build/stm32f1xx_hal_tim.o
HAL_TIM_OC_Start_IT                               build/stm32f1xx_hal_tim.o
                                                  build/main.o
HAL_TIM_OC_Stop                                   build/stm32f1xx_hal_tim.o
HAL_TIM_OC_Stop_DMA                               build/stm32f1xx_hal_tim.o
HAL_TIM_OC_Stop_IT                                build/stm32f1xx_hal_tim.o
HAL_TIM_OnePulse_ConfigChannel                    build/stm32f1xx_hal_tim.o
HAL_TIM_OnePulse_DeInit                           build/stm32f1xx_hal_tim.o
HAL_TIM_OnePulse_GetState                         build/stm32f1xx_hal_tim.o
HAL_TIM_OnePulse_Init                             build/stm32f1xx_hal_tim.o
HAL_TIM_OnePulse_MspDeInit                        build/stm32f1xx_hal_tim.o
HAL_TIM_OnePulse_MspInit                          build/stm32f1xx_hal_tim.o
HAL_TIM_OnePulse_Start                            build/stm32f1xx_hal_tim.o
HAL_TIM_OnePulse_Start_IT                         build/stm32f1xx_hal_tim.o
HAL_TIM_OnePulse_Stop                             build/stm32f1xx_hal_tim.o
HAL_TIM_OnePulse_Stop_IT                          build/stm32f1xx_hal_tim.o
HAL_TIM_PWM_ConfigChannel                         build/stm32f1xx_hal_tim.o
HAL_TIM_PWM_DeInit                                build/stm32f1xx_hal_tim.o
HAL_TIM_PWM_GetState                              build/stm32f1xx_hal_tim.o
HAL_TIM_PWM_Init                                  build/stm32f1xx_hal_tim.o
HAL_TIM_PWM_MspDeInit                             build/stm32f1xx_hal_tim.o
HAL_TIM_PWM_MspInit                               build/stm32f1xx_hal_tim.o
HAL_TIM_PWM_PulseFinishedCallback                 build/stm32f1xx_hal_tim.o
                                                  build/stm32f1xx_hal_tim_ex.o
HAL_TIM_PWM_PulseFinishedHalfCpltCallback         build/stm32f1xx_hal_tim.o
HAL_TIM_PWM_Start                                 build/stm32f1xx_hal_tim.o
HAL_TIM_PWM_Start_DMA                             build/stm32f1xx_hal_tim.o
HAL_TIM_PWM_Start_IT                              build/stm32f1xx_hal_tim.o
HAL_TIM_PWM_Stop                                  build/stm32f1xx_hal_tim.o
HAL_TIM_PWM_Stop_DMA                              build/stm32f1xx_hal_tim.o
HAL_TIM_PWM_Stop_IT                               build/stm32f1xx_hal_tim.o
HAL_TIM_PeriodElapsedCallback                     build/casovnik.o
                                                  build/stm32f1xx_hal_tim.o
HAL_TIM_PeriodElapsedHalfCpltCallback             build/stm32f1xx_hal_tim.o
HAL_TIM_ReadCapturedValue                         build/stm32f1xx_hal_tim.o
HAL_TIM_SlaveConfigSynchro                        build/stm32f1xx_hal_tim.o
HAL_TIM_SlaveConfigSynchro_IT                     build/stm32f1xx_hal_tim.o
HAL_TIM_TriggerCallback                           build/stm32f1xx_hal_tim.o
HAL_TIM_TriggerHalfCpltCallback                   build/stm32f1xx_hal_tim.o
HardFault_Handler                                 build/stm32f1xx_it.o
I2C1_ER_IRQHandler                                build/startup_stm32f103x6.o
I2C1_EV_IRQHandler                                build/startup_stm32f103x6.o
MX_GPIO_Init                                      build/gpio.o
                                                  build/main.o
MX_TIM1_Init                                      build/tim.o
                                                  build/main.o
MX_TIM3_Init                                      build/tim.o
                                                  build/main.o
MemManage_Handler                                 build/stm32f1xx_it.o
NMI_Handler                                       build/stm32f1xx_it.o
ON_OFF                                            build/stm32f1xx_it.o
PVD_IRQHandler                                    build/startup_stm32f103x6.o
PendSV_Handler                                    build/stm32f1xx_it.o
RCC_IRQHandler                                    build/startup_stm32f103x6.o
RTC_Alarm_IRQHandler                              build/startup_stm32f103x6.o
RTC_IRQHandler                                    build/startup_stm32f103x6.o
Reset_Handler                                     build/startup_stm32f103x6.o
SPI1_IRQHandler                                   build/startup_stm32f103x6.o
SVC_Handler                                       build/stm32f1xx_it.o
SysTick_Handler                                   build/stm32f1xx_it.o
SystemClock_Config                                build/main.o
SystemCoreClock                                   build/system_stm32f1xx.o
                                                  build/stm32f1xx_hal_rcc.o
                                                  build/stm32f1xx_hal.o
SystemCoreClockUpdate                             build/system_stm32f1xx.o
SystemInit                                        build/system_stm32f1xx.o
                                                  build/startup_stm32f103x6.o
TAMPER_IRQHandler                                 build/startup_stm32f103x6.o
TIM1_BRK_IRQHandler                               build/startup_stm32f103x6.o
TIM1_CC_IRQHandler                                build/stm32f1xx_it.o
TIM1_TRG_COM_IRQHandler                           build/startup_stm32f103x6.o
TIM1_UP_IRQHandler                                build/stm32f1xx_it.o
TIM2_IRQHandler                                   build/startup_stm32f103x6.o
TIM3_IRQHandler                                   build/stm32f1xx_it.o
TIMEx_DMACommutationCplt                          build/stm32f1xx_hal_tim_ex.o
                                                  build/stm32f1xx_hal_tim.o
TIMEx_DMACommutationHalfCplt                      build/stm32f1xx_hal_tim_ex.o
                                                  build/stm32f1xx_hal_tim.o
TIM_Base_SetConfig                                build/stm32f1xx_hal_tim.o
                                                  build/stm32f1xx_hal_tim_ex.o
TIM_CCxChannelCmd                                 build/stm32f1xx_hal_tim.o
                                                  build/stm32f1xx_hal_tim_ex.o
TIM_DMACaptureCplt                                build/stm32f1xx_hal_tim.o
                                                  build/stm32f1xx_hal_tim_ex.o
TIM_DMACaptureHalfCplt                            build/stm32f1xx_hal_tim.o
                                                  build/stm32f1xx_hal_tim_ex.o
TIM_DMADelayPulseHalfCplt                         build/stm32f1xx_hal_tim.o
                                                  build/stm32f1xx_hal_tim_ex.o
TIM_DMAError                                      build/stm32f1xx_hal_tim.o
                                                  build/stm32f1xx_hal_tim_ex.o
TIM_ETR_SetConfig                                 build/stm32f1xx_hal_tim.o
TIM_OC2_SetConfig                                 build/stm32f1xx_hal_tim.o
                                                  build/stm32f1xx_hal_tim_ex.o
TIM_TI1_SetConfig                                 build/stm32f1xx_hal_tim.o
                                                  build/stm32f1xx_hal_tim_ex.o
USART1_IRQHandler                                 build/startup_stm32f103x6.o
USART2_IRQHandler                                 build/startup_stm32f103x6.o
USBWakeUp_IRQHandler                              build/startup_stm32f103x6.o
USB_HP_CAN1_TX_IRQHandler                         build/startup_stm32f103x6.o
USB_LP_CAN1_RX0_IRQHandler                        build/startup_stm32f103x6.o
UsageFault_Handler                                build/stm32f1xx_it.o
WWDG_IRQHandler                                   build/startup_stm32f103x6.o
__bss_end__                                       c:/users/marko micovic/desktop/gnu mcu new/arm-none-eabi-gcc-10.2.1-1.1/bin/../lib/gcc/arm-none-eabi/10.2.1/../../../../arm-none-eabi/lib/thumb/v7-m/nofp/crt0.o
__bss_start__                                     c:/users/marko micovic/desktop/gnu mcu new/arm-none-eabi-gcc-10.2.1-1.1/bin/../lib/gcc/arm-none-eabi/10.2.1/../../../../arm-none-eabi/lib/thumb/v7-m/nofp/crt0.o
__call_exitprocs                                  c:/users/marko micovic/desktop/gnu mcu new/arm-none-eabi-gcc-10.2.1-1.1/bin/../lib/gcc/arm-none-eabi/10.2.1/../../../../arm-none-eabi/lib/thumb/v7-m/nofp\libc_nano.a(lib_a-exit.o)
__deregister_frame_info                           c:/users/marko micovic/desktop/gnu mcu new/arm-none-eabi-gcc-10.2.1-1.1/bin/../lib/gcc/arm-none-eabi/10.2.1/thumb/v7-m/nofp/crtbegin.o
__dso_handle                                      c:/users/marko micovic/desktop/gnu mcu new/arm-none-eabi-gcc-10.2.1-1.1/bin/../lib/gcc/arm-none-eabi/10.2.1/thumb/v7-m/nofp/crtbegin.o
__init_array_end                                  c:/users/marko micovic/desktop/gnu mcu new/arm-none-eabi-gcc-10.2.1-1.1/bin/../lib/gcc/arm-none-eabi/10.2.1/../../../../arm-none-eabi/lib/thumb/v7-m/nofp\libc_nano.a(lib_a-init.o)
__init_array_start                                c:/users/marko micovic/desktop/gnu mcu new/arm-none-eabi-gcc-10.2.1-1.1/bin/../lib/gcc/arm-none-eabi/10.2.1/../../../../arm-none-eabi/lib/thumb/v7-m/nofp\libc_nano.a(lib_a-init.o)
__libc_fini_array                                 c:/users/marko micovic/desktop/gnu mcu new/arm-none-eabi-gcc-10.2.1-1.1/bin/../lib/gcc/arm-none-eabi/10.2.1/../../../../arm-none-eabi/lib/thumb/v7-m/nofp/crt0.o
__libc_init_array                                 c:/users/marko micovic/desktop/gnu mcu new/arm-none-eabi-gcc-10.2.1-1.1/bin/../lib/gcc/arm-none-eabi/10.2.1/../../../../arm-none-eabi/lib/thumb/v7-m/nofp\libc_nano.a(lib_a-init.o)
                                                  build/startup_stm32f103x6.o
                                                  c:/users/marko micovic/desktop/gnu mcu new/arm-none-eabi-gcc-10.2.1-1.1/bin/../lib/gcc/arm-none-eabi/10.2.1/../../../../arm-none-eabi/lib/thumb/v7-m/nofp/crt0.o
__preinit_array_end                               c:/users/marko micovic/desktop/gnu mcu new/arm-none-eabi-gcc-10.2.1-1.1/bin/../lib/gcc/arm-none-eabi/10.2.1/../../../../arm-none-eabi/lib/thumb/v7-m/nofp\libc_nano.a(lib_a-init.o)
__preinit_array_start                             c:/users/marko micovic/desktop/gnu mcu new/arm-none-eabi-gcc-10.2.1-1.1/bin/../lib/gcc/arm-none-eabi/10.2.1/../../../../arm-none-eabi/lib/thumb/v7-m/nofp\libc_nano.a(lib_a-init.o)
__register_frame_info                             c:/users/marko micovic/desktop/gnu mcu new/arm-none-eabi-gcc-10.2.1-1.1/bin/../lib/gcc/arm-none-eabi/10.2.1/thumb/v7-m/nofp/crtbegin.o
__sf_fake_stderr                                  c:/users/marko micovic/desktop/gnu mcu new/arm-none-eabi-gcc-10.2.1-1.1/bin/../lib/gcc/arm-none-eabi/10.2.1/../../../../arm-none-eabi/lib/thumb/v7-m/nofp\libc_nano.a(lib_a-impure.o)
__sf_fake_stdin                                   c:/users/marko micovic/desktop/gnu mcu new/arm-none-eabi-gcc-10.2.1-1.1/bin/../lib/gcc/arm-none-eabi/10.2.1/../../../../arm-none-eabi/lib/thumb/v7-m/nofp\libc_nano.a(lib_a-impure.o)
__sf_fake_stdout                                  c:/users/marko micovic/desktop/gnu mcu new/arm-none-eabi-gcc-10.2.1-1.1/bin/../lib/gcc/arm-none-eabi/10.2.1/../../../../arm-none-eabi/lib/thumb/v7-m/nofp\libc_nano.a(lib_a-impure.o)
__stack                                           c:/users/marko micovic/desktop/gnu mcu new/arm-none-eabi-gcc-10.2.1-1.1/bin/../lib/gcc/arm-none-eabi/10.2.1/../../../../arm-none-eabi/lib/thumb/v7-m/nofp/crt0.o
_ebss                                             build/startup_stm32f103x6.o
_edata                                            build/startup_stm32f103x6.o
_estack                                           build/startup_stm32f103x6.o
_exit                                             c:/users/marko micovic/desktop/gnu mcu new/arm-none-eabi-gcc-10.2.1-1.1/bin/../lib/gcc/arm-none-eabi/10.2.1/../../../../arm-none-eabi/lib/thumb/v7-m/nofp\libnosys.a(_exit.o)
                                                  c:/users/marko micovic/desktop/gnu mcu new/arm-none-eabi-gcc-10.2.1-1.1/bin/../lib/gcc/arm-none-eabi/10.2.1/../../../../arm-none-eabi/lib/thumb/v7-m/nofp\libc_nano.a(lib_a-exit.o)
_fini                                             c:/users/marko micovic/desktop/gnu mcu new/arm-none-eabi-gcc-10.2.1-1.1/bin/../lib/gcc/arm-none-eabi/10.2.1/thumb/v7-m/nofp/crti.o
_global_impure_ptr                                c:/users/marko micovic/desktop/gnu mcu new/arm-none-eabi-gcc-10.2.1-1.1/bin/../lib/gcc/arm-none-eabi/10.2.1/../../../../arm-none-eabi/lib/thumb/v7-m/nofp\libc_nano.a(lib_a-impure.o)
                                                  c:/users/marko micovic/desktop/gnu mcu new/arm-none-eabi-gcc-10.2.1-1.1/bin/../lib/gcc/arm-none-eabi/10.2.1/../../../../arm-none-eabi/lib/thumb/v7-m/nofp\libc_nano.a(lib_a-exit.o)
_impure_ptr                                       c:/users/marko micovic/desktop/gnu mcu new/arm-none-eabi-gcc-10.2.1-1.1/bin/../lib/gcc/arm-none-eabi/10.2.1/../../../../arm-none-eabi/lib/thumb/v7-m/nofp\libc_nano.a(lib_a-impure.o)
_init                                             c:/users/marko micovic/desktop/gnu mcu new/arm-none-eabi-gcc-10.2.1-1.1/bin/../lib/gcc/arm-none-eabi/10.2.1/thumb/v7-m/nofp/crti.o
                                                  c:/users/marko micovic/desktop/gnu mcu new/arm-none-eabi-gcc-10.2.1-1.1/bin/../lib/gcc/arm-none-eabi/10.2.1/../../../../arm-none-eabi/lib/thumb/v7-m/nofp\libc_nano.a(lib_a-init.o)
_mainCRTStartup                                   c:/users/marko micovic/desktop/gnu mcu new/arm-none-eabi-gcc-10.2.1-1.1/bin/../lib/gcc/arm-none-eabi/10.2.1/../../../../arm-none-eabi/lib/thumb/v7-m/nofp/crt0.o
_sbss                                             build/startup_stm32f103x6.o
_sdata                                            build/startup_stm32f103x6.o
_sidata                                           build/startup_stm32f103x6.o
_stack_init                                       c:/users/marko micovic/desktop/gnu mcu new/arm-none-eabi-gcc-10.2.1-1.1/bin/../lib/gcc/arm-none-eabi/10.2.1/../../../../arm-none-eabi/lib/thumb/v7-m/nofp/crt0.o
_start                                            c:/users/marko micovic/desktop/gnu mcu new/arm-none-eabi-gcc-10.2.1-1.1/bin/../lib/gcc/arm-none-eabi/10.2.1/../../../../arm-none-eabi/lib/thumb/v7-m/nofp/crt0.o
atexit                                            c:/users/marko micovic/desktop/gnu mcu new/arm-none-eabi-gcc-10.2.1-1.1/bin/../lib/gcc/arm-none-eabi/10.2.1/../../../../arm-none-eabi/lib/thumb/v7-m/nofp/crt0.o
casovnik                                          build/casovnik.o
                                                  build/main.o
casovnik_tim_handle                               build/casovnik.o
cifre                                             build/casovnik.o
                                                  build/stm32f1xx_it.o
counter                                           build/casovnik.o
                                                  build/stm32f1xx_it.o
exit                                              c:/users/marko micovic/desktop/gnu mcu new/arm-none-eabi-gcc-10.2.1-1.1/bin/../lib/gcc/arm-none-eabi/10.2.1/../../../../arm-none-eabi/lib/thumb/v7-m/nofp\libc_nano.a(lib_a-exit.o)
                                                  c:/users/marko micovic/desktop/gnu mcu new/arm-none-eabi-gcc-10.2.1-1.1/bin/../lib/gcc/arm-none-eabi/10.2.1/../../../../arm-none-eabi/lib/thumb/v7-m/nofp/crt0.o
g_pfnVectors                                      build/startup_stm32f103x6.o
gu16_TIM1_OVC                                     build/stm32f1xx_it.o
                                                  build/casovnik.o
gu32_Freq                                         build/stm32f1xx_it.o
gu32_T1                                           build/stm32f1xx_it.o
gu32_T2                                           build/stm32f1xx_it.o
gu32_Ticks                                        build/stm32f1xx_it.o
gu8_State                                         build/stm32f1xx_it.o
hardware_init_hook                                c:/users/marko micovic/desktop/gnu mcu new/arm-none-eabi-gcc-10.2.1-1.1/bin/../lib/gcc/arm-none-eabi/10.2.1/../../../../arm-none-eabi/lib/thumb/v7-m/nofp/crt0.o
htim1                                             build/tim.o
                                                  build/casovnik.o
                                                  build/stm32f1xx_it.o
htim3                                             build/tim.o
                                                  build/stm32f1xx_it.o
                                                  build/main.o
main                                              build/main.o
                                                  build/startup_stm32f103x6.o
                                                  c:/users/marko micovic/desktop/gnu mcu new/arm-none-eabi-gcc-10.2.1-1.1/bin/../lib/gcc/arm-none-eabi/10.2.1/../../../../arm-none-eabi/lib/thumb/v7-m/nofp/crt0.o
memset                                            c:/users/marko micovic/desktop/gnu mcu new/arm-none-eabi-gcc-10.2.1-1.1/bin/../lib/gcc/arm-none-eabi/10.2.1/../../../../arm-none-eabi/lib/thumb/v7-m/nofp\libc_nano.a(lib_a-memset.o)
                                                  build/main.o
                                                  c:/users/marko micovic/desktop/gnu mcu new/arm-none-eabi-gcc-10.2.1-1.1/bin/../lib/gcc/arm-none-eabi/10.2.1/../../../../arm-none-eabi/lib/thumb/v7-m/nofp/crt0.o
minuti                                            build/casovnik.o
                                                  build/stm32f1xx_it.o
pFlash                                            build/stm32f1xx_hal_flash.o
                                                  build/stm32f1xx_hal_flash_ex.o
prikazFreq                                        build/stm32f1xx_it.o
                                                  build/casovnik.o
sekunde                                           build/casovnik.o
                                                  build/stm32f1xx_it.o
setGPIOB                                          build/gpio.o
                                                  build/main.o
seven_seg                                         build/casovnik.o
software_init_hook                                c:/users/marko micovic/desktop/gnu mcu new/arm-none-eabi-gcc-10.2.1-1.1/bin/../lib/gcc/arm-none-eabi/10.2.1/../../../../arm-none-eabi/lib/thumb/v7-m/nofp/crt0.o
tekuca                                            build/casovnik.o
uwTick                                            build/stm32f1xx_hal.o
uwTickFreq                                        build/stm32f1xx_hal.o
uwTickPrio                                        build/stm32f1xx_hal.o
                                                  build/stm32f1xx_hal_rcc.o
